2025-02-10 07:24:35,991 - INFO -> INTO THE LOGIN PAGE RIGHT NOW!
2025-02-10 07:25:24,621 - INFO -> into the signup page view
2025-02-10 07:26:21,722 - INFO -> INTO THE LOGIN PAGE RIGHT NOW!
2025-02-10 07:27:38,149 - INFO -> INTO THE LOGIN PAGE RIGHT NOW!
<<<<<<< HEAD
=======
<<<<<<< Updated upstream
=======
>>>>>>> dev
2025-02-11 12:07:57,924 - INFO -> INTO THE LOGIN PAGE RIGHT NOW!
2025-02-11 12:39:04,704 - INFO -> INTO THE LOGIN PAGE RIGHT NOW!
2025-02-11 12:39:44,278 - INFO -> INTO THE LOGIN PAGE RIGHT NOW!
2025-02-11 12:40:36,952 - INFO -> into the signup page view
2025-02-11 16:19:59,255 - INFO -> INTO THE LOGIN PAGE RIGHT NOW!
2025-02-14 01:01:37,069 - INFO -> INTO THE LOGIN PAGE RIGHT NOW!
2025-02-14 01:01:53,041 - INFO -> into the signup page view
2025-02-14 01:02:23,038 - INFO -> into the signup page view
2025-02-14 01:03:12,493 - INFO -> INTO THE LOGIN PAGE RIGHT NOW!
2025-02-14 01:03:23,197 - INFO -> INTO THE LOGIN PAGE RIGHT NOW!
2025-02-14 01:03:34,440 - INFO -> INTO THE LOGIN PAGE RIGHT NOW!
2025-02-14 01:03:44,399 - INFO -> INTO THE LOGIN PAGE RIGHT NOW!
2025-02-14 01:03:51,761 - INFO -> into the signup page view
2025-02-14 01:04:01,908 - INFO -> into the signup page view
2025-02-14 01:04:45,068 - INFO -> into the signup page view
2025-02-14 01:05:30,418 - INFO -> into the signup page view
2025-02-14 01:05:39,444 - INFO -> INTO THE LOGIN PAGE RIGHT NOW!
2025-02-14 01:05:49,186 - INFO -> INTO THE LOGIN PAGE RIGHT NOW!
2025-02-14 01:05:54,681 - INFO -> into the signup page view
2025-02-14 01:06:04,008 - INFO -> into the signup page view
2025-02-14 01:07:37,640 - INFO -> INTO THE LOGIN PAGE RIGHT NOW!
2025-02-14 01:08:11,818 - INFO -> INTO THE LOGIN PAGE RIGHT NOW!
2025-02-14 01:08:20,866 - INFO -> INTO THE LOGIN PAGE RIGHT NOW!
2025-02-14 01:08:23,999 - INFO -> into the signup page view
2025-02-14 01:09:01,305 - INFO -> INTO THE LOGIN PAGE RIGHT NOW!
2025-02-14 01:09:27,181 - INFO -> INTO THE LOGIN PAGE RIGHT NOW!
2025-02-14 01:10:18,910 - INFO -> INTO THE LOGIN PAGE RIGHT NOW!
2025-02-14 01:10:30,094 - INFO -> into the signup page view
2025-02-14 01:10:40,362 - INFO -> into the signup page view
2025-02-14 03:14:51,435 - INFO -> INTO THE LOGIN PAGE RIGHT NOW!
2025-02-14 03:15:01,584 - INFO -> into the signup page view
2025-02-14 03:15:17,722 - INFO -> into the signup page view
2025-02-14 03:15:29,786 - INFO -> INTO THE LOGIN PAGE RIGHT NOW!
2025-02-14 03:15:38,925 - INFO -> INTO THE LOGIN PAGE RIGHT NOW!
2025-02-14 03:15:41,698 - INFO -> into the signup page view
2025-02-14 03:15:51,040 - INFO -> into the signup page view
2025-02-14 03:16:19,015 - INFO -> INTO THE LOGIN PAGE RIGHT NOW!
2025-02-14 03:16:25,140 - INFO -> INTO THE LOGIN PAGE RIGHT NOW!
2025-02-14 03:16:31,556 - INFO -> INTO THE LOGIN PAGE RIGHT NOW!
2025-02-14 03:16:37,773 - INFO -> INTO THE LOGIN PAGE RIGHT NOW!
2025-02-14 03:16:40,042 - INFO -> into the signup page view
2025-02-14 03:16:48,202 - INFO -> into the signup page view
2025-02-14 03:17:19,669 - INFO -> INTO THE LOGIN PAGE RIGHT NOW!
2025-02-14 03:17:22,779 - INFO -> into the signup page view
2025-02-14 03:17:33,821 - INFO -> into the signup page view
2025-02-14 03:17:43,416 - INFO -> INTO THE LOGIN PAGE RIGHT NOW!
2025-02-14 03:17:54,062 - INFO -> INTO THE LOGIN PAGE RIGHT NOW!
2025-02-14 03:18:05,807 - INFO -> into the signup page view
2025-02-14 03:24:08,442 - INFO -> INTO THE LOGIN PAGE RIGHT NOW!
2025-02-14 03:57:27,354 - INFO -> INTO THE LOGIN PAGE RIGHT NOW!
2025-02-15 00:38:23,024 - INFO -> INTO THE LOGIN PAGE RIGHT NOW!
2025-02-15 00:39:54,888 - INFO -> INTO THE LOGIN PAGE RIGHT NOW!
2025-02-15 00:40:04,593 - INFO -> INTO THE LOGIN PAGE RIGHT NOW!
2025-02-15 00:41:51,995 - INFO -> INTO THE LOGIN PAGE RIGHT NOW!
2025-02-15 00:42:25,421 - INFO -> into the signup page view
2025-02-15 00:42:36,431 - INFO -> into the signup page view
2025-02-15 00:43:01,837 - INFO -> into the signup page view
2025-02-15 00:50:54,873 - INFO -> INTO THE LOGIN PAGE RIGHT NOW!
2025-02-15 00:51:31,995 - INFO -> INTO THE LOGIN PAGE RIGHT NOW!
2025-02-15 00:53:35,376 - INFO -> INTO THE LOGIN PAGE RIGHT NOW!
2025-02-15 00:53:54,175 - INFO -> INTO THE LOGIN PAGE RIGHT NOW!
2025-02-15 00:55:12,561 - INFO -> INTO THE LOGIN PAGE RIGHT NOW!
2025-02-15 00:55:33,525 - INFO -> into the signup page view
2025-02-15 00:55:56,130 - INFO -> INTO THE LOGIN PAGE RIGHT NOW!
2025-02-15 00:56:27,158 - INFO -> INTO THE LOGIN PAGE RIGHT NOW!
2025-02-15 00:56:31,954 - INFO -> INTO THE LOGIN PAGE RIGHT NOW!
2025-02-15 00:56:39,979 - INFO -> INTO THE LOGIN PAGE RIGHT NOW!
2025-02-15 00:56:43,623 - INFO -> into the signup page view
2025-02-15 00:56:53,678 - INFO -> into the signup page view
2025-02-15 00:59:21,224 - INFO -> INTO THE LOGIN PAGE RIGHT NOW!
2025-02-15 00:59:32,330 - INFO -> into the signup page view
2025-02-15 00:59:48,696 - INFO -> into the signup page view
<<<<<<< HEAD
=======
2025-02-15 01:35:55,342 - INFO -> INTO THE LOGIN PAGE RIGHT NOW!
>>>>>>> Stashed changes
2025-02-15 08:36:09,876 - INFO -> INTO THE LOGIN PAGE RIGHT NOW!
2025-02-15 08:36:19,429 - INFO -> INTO THE LOGIN PAGE RIGHT NOW!
2025-02-15 08:37:02,381 - INFO -> INTO THE LOGIN PAGE RIGHT NOW!
2025-02-15 08:37:59,945 - INFO -> INTO THE LOGIN PAGE RIGHT NOW!
2025-02-15 08:38:34,229 - INFO -> INTO THE LOGIN PAGE RIGHT NOW!
2025-02-15 08:38:43,467 - INFO -> into the signup page view
2025-02-15 08:38:57,282 - INFO -> into the signup page view
2025-02-15 08:41:13,342 - INFO -> INTO THE LOGIN PAGE RIGHT NOW!
2025-02-15 08:41:48,437 - INFO -> into the signup page view
2025-02-15 08:42:03,461 - INFO -> into the signup page view
2025-02-15 08:42:37,611 - INFO -> INTO THE LOGIN PAGE RIGHT NOW!
2025-02-15 08:43:28,237 - INFO -> INTO THE LOGIN PAGE RIGHT NOW!
2025-02-15 08:43:42,165 - INFO -> INTO THE LOGIN PAGE RIGHT NOW!
2025-02-15 08:44:22,563 - INFO -> INTO THE LOGIN PAGE RIGHT NOW!
2025-02-15 08:44:28,839 - INFO -> INTO THE LOGIN PAGE RIGHT NOW!
2025-02-15 08:44:41,021 - INFO -> INTO THE LOGIN PAGE RIGHT NOW!
2025-02-15 08:44:49,940 - INFO -> into the signup page view
2025-02-15 08:45:00,735 - INFO -> into the signup page view
2025-02-15 08:45:25,897 - INFO -> INTO THE LOGIN PAGE RIGHT NOW!
2025-02-15 08:45:51,091 - INFO -> INTO THE LOGIN PAGE RIGHT NOW!
2025-02-15 08:46:21,486 - INFO -> INTO THE LOGIN PAGE RIGHT NOW!
2025-02-15 08:46:45,018 - INFO -> into the signup page view
2025-02-15 08:47:04,953 - INFO -> into the signup page view
2025-02-15 08:47:14,916 - INFO -> into the signup page view
2025-02-16 07:14:04,620 - INFO -> INTO THE LOGIN PAGE RIGHT NOW!
2025-02-16 07:15:48,226 - INFO -> INTO THE LOGIN PAGE RIGHT NOW!
2025-02-16 07:15:56,850 - INFO -> INTO THE LOGIN PAGE RIGHT NOW!
2025-02-16 07:16:03,663 - INFO -> INTO THE LOGIN PAGE RIGHT NOW!
2025-02-16 07:16:19,790 - INFO -> INTO THE LOGIN PAGE RIGHT NOW!
2025-02-16 07:17:11,262 - INFO -> INTO THE LOGIN PAGE RIGHT NOW!
2025-02-16 07:18:10,586 - INFO -> INTO THE LOGIN PAGE RIGHT NOW!
2025-02-16 07:18:23,446 - INFO -> INTO THE LOGIN PAGE RIGHT NOW!
2025-02-16 07:20:19,332 - INFO -> INTO THE LOGIN PAGE RIGHT NOW!
2025-02-16 07:20:29,727 - INFO -> into the signup page view
2025-02-16 07:20:42,774 - INFO -> into the signup page view
2025-02-16 07:31:46,303 - INFO -> INTO THE LOGIN PAGE RIGHT NOW!
2025-02-16 07:32:16,703 - INFO -> INTO THE LOGIN PAGE RIGHT NOW!
2025-02-16 07:32:34,275 - INFO -> into the signup page view
2025-02-16 07:32:43,776 - INFO -> into the signup page view
2025-02-16 07:34:28,744 - INFO -> INTO THE LOGIN PAGE RIGHT NOW!
2025-02-16 07:34:38,453 - INFO -> into the signup page view
2025-02-16 07:34:49,200 - INFO -> into the signup page view
2025-02-16 07:35:04,344 - INFO -> INTO THE LOGIN PAGE RIGHT NOW!
2025-02-16 07:35:07,053 - INFO -> into the signup page view
2025-02-16 07:35:15,117 - INFO -> into the signup page view
2025-02-16 07:35:38,251 - INFO -> into the signup page view
2025-02-16 07:37:13,791 - INFO -> INTO THE LOGIN PAGE RIGHT NOW!
2025-02-16 07:37:15,635 - INFO -> into the signup page view
2025-02-16 07:37:27,532 - INFO -> into the signup page view
2025-02-16 07:39:01,650 - INFO -> INTO THE LOGIN PAGE RIGHT NOW!
2025-02-16 07:39:08,493 - INFO -> INTO THE LOGIN PAGE RIGHT NOW!
2025-02-16 07:39:19,368 - INFO -> INTO THE LOGIN PAGE RIGHT NOW!
2025-02-16 07:39:41,076 - INFO -> INTO THE LOGIN PAGE RIGHT NOW!
2025-02-16 07:39:45,278 - INFO -> into the signup page view
2025-02-16 07:40:31,761 - INFO -> into the signup page view
2025-02-16 07:40:46,598 - INFO -> into the signup page view
2025-02-16 07:40:57,246 - INFO -> into the signup page view
2025-02-16 07:44:04,527 - INFO -> INTO THE LOGIN PAGE RIGHT NOW!
2025-02-16 07:44:09,290 - INFO -> into the signup page view
2025-02-16 07:44:18,974 - INFO -> into the signup page view
2025-02-16 07:45:27,728 - INFO -> INTO THE LOGIN PAGE RIGHT NOW!
2025-02-16 07:45:38,759 - INFO -> INTO THE LOGIN PAGE RIGHT NOW!
2025-02-16 07:45:44,452 - INFO -> INTO THE LOGIN PAGE RIGHT NOW!
2025-02-16 07:45:56,385 - INFO -> INTO THE LOGIN PAGE RIGHT NOW!
2025-02-16 07:45:59,519 - INFO -> into the signup page view
2025-02-16 07:46:09,833 - INFO -> into the signup page view
2025-02-16 18:37:20,743 - INFO -> INTO THE LOGIN PAGE RIGHT NOW!
2025-02-16 18:37:47,201 - INFO -> INTO THE LOGIN PAGE RIGHT NOW!
2025-02-16 18:38:07,910 - INFO -> into the signup page view
2025-02-16 18:38:21,345 - INFO -> into the signup page view
2025-02-16 18:38:33,334 - INFO -> into the signup page view
2025-02-16 18:39:42,913 - INFO -> INTO THE LOGIN PAGE RIGHT NOW!
2025-02-16 18:39:51,517 - INFO -> INTO THE LOGIN PAGE RIGHT NOW!
2025-02-16 18:40:01,537 - INFO -> INTO THE LOGIN PAGE RIGHT NOW!
2025-02-16 18:40:15,010 - INFO -> INTO THE LOGIN PAGE RIGHT NOW!
2025-02-16 18:40:28,066 - INFO -> into the signup page view
2025-02-16 18:40:44,092 - INFO -> into the signup page view
2025-02-16 18:50:00,647 - INFO -> INTO THE LOGIN PAGE RIGHT NOW!
2025-02-16 18:55:37,980 - INFO -> INTO THE LOGIN PAGE RIGHT NOW!
2025-02-16 18:55:44,192 - INFO -> into the signup page view
2025-02-16 18:55:54,282 - INFO -> into the signup page view
2025-02-16 18:56:05,705 - INFO -> INTO THE LOGIN PAGE RIGHT NOW!
2025-02-16 18:56:27,194 - INFO -> INTO THE LOGIN PAGE RIGHT NOW!
2025-02-16 18:56:42,210 - INFO -> INTO THE LOGIN PAGE RIGHT NOW!
2025-02-16 18:57:05,388 - INFO -> INTO THE LOGIN PAGE RIGHT NOW!
2025-02-16 18:57:11,506 - INFO -> INTO THE LOGIN PAGE RIGHT NOW!
2025-02-16 18:57:22,250 - INFO -> INTO THE LOGIN PAGE RIGHT NOW!
2025-02-16 18:57:28,287 - INFO -> into the signup page view
2025-02-16 18:57:37,008 - INFO -> into the signup page view
2025-02-16 18:59:09,316 - INFO -> INTO THE LOGIN PAGE RIGHT NOW!
2025-02-16 18:59:11,416 - INFO -> into the signup page view
2025-02-16 18:59:23,977 - INFO -> into the signup page view
2025-02-16 18:59:46,315 - INFO -> into the signup page view
2025-02-16 19:00:00,530 - INFO -> into the signup page view
2025-02-16 19:00:21,302 - INFO -> INTO THE LOGIN PAGE RIGHT NOW!
2025-02-16 19:00:27,066 - INFO -> INTO THE LOGIN PAGE RIGHT NOW!
2025-02-16 19:00:30,324 - INFO -> into the signup page view
2025-02-16 19:01:07,398 - INFO -> INTO THE LOGIN PAGE RIGHT NOW!
2025-02-16 19:01:28,147 - INFO -> into the signup page view
2025-02-16 19:01:58,632 - INFO -> INTO THE LOGIN PAGE RIGHT NOW!
2025-02-16 19:02:23,926 - INFO -> into the signup page view
2025-02-16 19:02:37,274 - INFO -> into the signup page view
2025-02-16 19:05:14,522 - INFO -> INTO THE LOGIN PAGE RIGHT NOW!
2025-02-16 19:05:46,024 - INFO -> INTO THE LOGIN PAGE RIGHT NOW!
2025-02-16 19:05:56,071 - INFO -> INTO THE LOGIN PAGE RIGHT NOW!
2025-02-16 19:06:03,651 - INFO -> into the signup page view
2025-02-16 19:06:14,233 - INFO -> into the signup page view
2025-02-16 19:08:04,470 - INFO -> INTO THE LOGIN PAGE RIGHT NOW!
2025-02-16 19:08:48,792 - INFO -> INTO THE LOGIN PAGE RIGHT NOW!
2025-02-16 19:08:54,397 - INFO -> into the signup page view
2025-02-16 19:09:03,549 - INFO -> into the signup page view
2025-02-16 19:10:15,782 - INFO -> INTO THE LOGIN PAGE RIGHT NOW!
2025-02-16 19:10:26,074 - INFO -> INTO THE LOGIN PAGE RIGHT NOW!
2025-02-16 19:11:39,929 - INFO -> INTO THE LOGIN PAGE RIGHT NOW!
2025-02-16 19:11:49,599 - INFO -> INTO THE LOGIN PAGE RIGHT NOW!
2025-02-16 19:12:36,834 - INFO -> INTO THE LOGIN PAGE RIGHT NOW!
2025-02-16 19:12:52,863 - INFO -> into the signup page view
2025-02-16 19:13:00,219 - INFO -> into the signup page view
2025-02-16 19:13:54,095 - INFO -> INTO THE LOGIN PAGE RIGHT NOW!
2025-02-16 19:13:57,090 - INFO -> into the signup page view
2025-02-16 19:14:15,314 - INFO -> into the signup page view
2025-02-16 19:14:55,435 - INFO -> INTO THE LOGIN PAGE RIGHT NOW!
2025-02-16 19:15:07,377 - INFO -> into the signup page view
2025-02-16 19:16:32,304 - INFO -> INTO THE LOGIN PAGE RIGHT NOW!
2025-02-16 19:16:45,003 - INFO -> INTO THE LOGIN PAGE RIGHT NOW!
2025-02-16 19:16:54,818 - INFO -> INTO THE LOGIN PAGE RIGHT NOW!
2025-02-16 19:17:19,762 - INFO -> into the signup page view
2025-02-16 19:17:29,286 - INFO -> into the signup page view
2025-02-16 19:18:10,652 - INFO -> INTO THE LOGIN PAGE RIGHT NOW!
2025-02-16 19:18:12,174 - INFO -> into the signup page view
2025-02-16 19:18:19,859 - INFO -> into the signup page view
2025-02-16 19:21:09,902 - INFO -> INTO THE LOGIN PAGE RIGHT NOW!
2025-02-16 19:27:27,214 - INFO -> INTO THE LOGIN PAGE RIGHT NOW!
2025-02-16 19:27:57,173 - INFO -> INTO THE LOGIN PAGE RIGHT NOW!
2025-02-16 19:28:27,534 - INFO -> INTO THE LOGIN PAGE RIGHT NOW!
2025-02-16 19:28:50,576 - INFO -> INTO THE LOGIN PAGE RIGHT NOW!
2025-02-16 19:32:21,332 - INFO -> into the signup page view
2025-02-16 19:32:30,721 - INFO -> into the signup page view
2025-02-16 19:35:03,004 - INFO -> INTO THE LOGIN PAGE RIGHT NOW!
2025-02-16 19:35:07,211 - INFO -> into the signup page view
2025-02-16 19:35:15,491 - INFO -> into the signup page view
2025-02-16 20:32:55,186 - INFO -> INTO THE LOGIN PAGE RIGHT NOW!
2025-02-16 20:33:10,223 - INFO -> INTO THE LOGIN PAGE RIGHT NOW!
2025-02-16 20:33:17,040 - INFO -> INTO THE LOGIN PAGE RIGHT NOW!
2025-02-16 20:33:25,114 - INFO -> INTO THE LOGIN PAGE RIGHT NOW!
2025-02-16 20:33:55,548 - INFO -> INTO THE LOGIN PAGE RIGHT NOW!
2025-02-16 20:36:38,712 - INFO -> INTO THE LOGIN PAGE RIGHT NOW!
2025-02-16 20:37:35,972 - INFO -> INTO THE LOGIN PAGE RIGHT NOW!
2025-02-16 20:38:37,380 - INFO -> INTO THE LOGIN PAGE RIGHT NOW!
2025-02-16 20:38:50,913 - INFO -> INTO THE LOGIN PAGE RIGHT NOW!
2025-02-16 20:38:57,472 - INFO -> INTO THE LOGIN PAGE RIGHT NOW!
2025-02-16 20:39:35,799 - INFO -> INTO THE LOGIN PAGE RIGHT NOW!
2025-02-16 20:40:09,834 - INFO -> INTO THE LOGIN PAGE RIGHT NOW!
2025-02-16 20:40:27,621 - INFO -> INTO THE LOGIN PAGE RIGHT NOW!
2025-02-16 20:40:49,499 - INFO -> INTO THE LOGIN PAGE RIGHT NOW!
2025-02-16 20:41:07,452 - INFO -> INTO THE LOGIN PAGE RIGHT NOW!
2025-02-16 20:41:16,617 - INFO -> into the signup page view
2025-02-16 20:41:32,233 - INFO -> into the signup page view
2025-02-16 20:42:51,669 - INFO -> INTO THE LOGIN PAGE RIGHT NOW!
2025-02-16 20:43:36,736 - INFO -> INTO THE LOGIN PAGE RIGHT NOW!
2025-02-16 20:44:03,379 - INFO -> INTO THE LOGIN PAGE RIGHT NOW!
2025-02-16 20:44:36,340 - INFO -> INTO THE LOGIN PAGE RIGHT NOW!
2025-02-16 20:45:22,321 - INFO -> INTO THE LOGIN PAGE RIGHT NOW!
2025-02-16 20:45:32,508 - INFO -> INTO THE LOGIN PAGE RIGHT NOW!
2025-02-16 20:45:50,857 - INFO -> INTO THE LOGIN PAGE RIGHT NOW!
2025-02-16 20:46:04,909 - INFO -> INTO THE LOGIN PAGE RIGHT NOW!
2025-02-16 20:47:49,127 - INFO -> INTO THE LOGIN PAGE RIGHT NOW!
2025-02-16 20:57:05,597 - INFO -> INTO THE LOGIN PAGE RIGHT NOW!
2025-02-16 20:57:15,793 - INFO -> INTO THE LOGIN PAGE RIGHT NOW!
2025-02-16 21:29:56,603 - INFO -> INTO THE LOGIN PAGE RIGHT NOW!
2025-02-16 21:36:16,480 - INFO -> INTO THE LOGIN PAGE RIGHT NOW!
2025-02-16 21:36:34,342 - INFO -> INTO THE LOGIN PAGE RIGHT NOW!
2025-02-16 21:37:20,074 - INFO -> INTO THE LOGIN PAGE RIGHT NOW!
2025-02-16 21:37:29,138 - INFO -> INTO THE LOGIN PAGE RIGHT NOW!
2025-02-16 21:37:33,145 - INFO -> into the signup page view
2025-02-16 21:37:48,353 - INFO -> into the signup page view
2025-02-16 21:38:42,103 - INFO -> INTO THE LOGIN PAGE RIGHT NOW!
2025-02-16 21:38:48,479 - INFO -> INTO THE LOGIN PAGE RIGHT NOW!
2025-02-16 21:39:07,874 - INFO -> INTO THE LOGIN PAGE RIGHT NOW!
2025-02-16 21:39:18,036 - INFO -> INTO THE LOGIN PAGE RIGHT NOW!
2025-02-16 21:39:30,077 - INFO -> into the signup page view
2025-02-16 21:39:41,316 - INFO -> into the signup page view
2025-02-16 21:40:36,374 - INFO -> INTO THE LOGIN PAGE RIGHT NOW!
2025-02-16 21:40:45,875 - INFO -> INTO THE LOGIN PAGE RIGHT NOW!
2025-02-16 21:41:55,334 - INFO -> INTO THE LOGIN PAGE RIGHT NOW!
2025-02-16 21:42:26,123 - INFO -> INTO THE LOGIN PAGE RIGHT NOW!
2025-02-16 21:42:31,293 - INFO -> INTO THE LOGIN PAGE RIGHT NOW!
2025-02-16 21:42:38,407 - INFO -> INTO THE LOGIN PAGE RIGHT NOW!
2025-02-16 21:43:06,844 - INFO -> INTO THE LOGIN PAGE RIGHT NOW!
2025-02-16 21:45:50,246 - INFO -> INTO THE LOGIN PAGE RIGHT NOW!
2025-02-16 21:45:56,516 - INFO -> INTO THE LOGIN PAGE RIGHT NOW!
2025-02-16 21:47:02,724 - INFO -> INTO THE LOGIN PAGE RIGHT NOW!
2025-02-16 21:47:22,885 - INFO -> INTO THE LOGIN PAGE RIGHT NOW!
2025-02-16 21:47:42,470 - INFO -> into the signup page view
2025-02-16 21:47:53,273 - INFO -> into the signup page view
2025-02-16 21:53:58,625 - INFO -> into the signup page view
2025-02-16 21:54:19,046 - INFO -> into the signup page view
2025-02-16 21:54:48,948 - INFO -> into the signup page view
2025-02-16 23:52:48,839 - INFO -> into the signup page view
2025-02-16 23:53:06,229 - INFO -> into the signup page view
2025-02-16 23:54:44,694 - INFO -> into the signup page view
2025-02-16 23:55:02,893 - INFO -> into the signup page view
2025-02-17 16:21:20,883 - INFO -> into the signup page view
2025-02-17 16:21:35,597 - INFO -> into the signup page view
2025-02-28 06:19:14,491 - INFO -> INTO THE process_video PAGE RIGHT NOW!
>>>>>>> dev
2025-04-15 13:01:18,840 - INFO -> into the signup page view
2025-04-15 13:01:30,431 - INFO -> into the signup page view
2025-04-15 13:05:05,801 - INFO -> into the signup page view
2025-04-15 13:05:22,216 - INFO -> into the signup page view
2025-04-15 13:05:43,006 - INFO -> into the signup page view
2025-04-15 13:06:52,786 - INFO -> into the signup page view
2025-04-15 13:07:04,382 - INFO -> into the signup page view
2025-04-15 13:10:44,234 - INFO -> into the signup page view
2025-04-15 13:10:58,413 - INFO -> into the signup page view
2025-04-15 13:11:13,096 - INFO -> into the signup page view
2025-04-15 13:21:39,210 - INFO -> into the signup page view
2025-04-15 13:22:02,773 - INFO -> into the signup page view
2025-04-16 16:24:56,632 - ERROR -> Error in NLP/OCR process: cannot access local variable 'image_path' where it is not associated with a value
2025-04-16 16:47:23,496 - ERROR -> Error in NLP/OCR process: capture_image_with_guide() missing 1 required positional argument: 'frame'
2025-04-16 16:52:11,791 - ERROR -> Error in OCR process: [WinError 2] The system cannot find the file specified: 'captured_aadhar.jpg'
2025-04-16 16:52:18,193 - ERROR -> Error in OCR process: [WinError 2] The system cannot find the file specified: 'captured_aadhar.jpg'
2025-04-16 16:52:21,984 - ERROR -> Error in OCR process: [WinError 2] The system cannot find the file specified: 'captured_aadhar.jpg'
2025-04-16 16:52:25,442 - ERROR -> Error in OCR process: [WinError 2] The system cannot find the file specified: 'captured_aadhar.jpg'
2025-04-16 16:53:15,362 - ERROR -> Error in OCR process: [WinError 2] The system cannot find the file specified: 'captured_aadhar.jpg'
2025-04-16 17:25:00,203 - ERROR -> Error in OCR process: cannot schedule new futures after interpreter shutdown
2025-04-16 17:25:00,442 - ERROR -> Error in OCR process: cannot schedule new futures after interpreter shutdown
2025-04-16 17:25:00,627 - ERROR -> Error in OCR process: cannot schedule new futures after interpreter shutdown
2025-04-16 17:25:00,826 - ERROR -> Error in OCR process: cannot schedule new futures after interpreter shutdown
2025-04-16 17:25:01,029 - ERROR -> Error in OCR process: cannot schedule new futures after interpreter shutdown
2025-04-16 17:25:01,239 - ERROR -> Error in OCR process: cannot schedule new futures after interpreter shutdown
2025-04-16 17:25:01,433 - ERROR -> Error in OCR process: cannot schedule new futures after interpreter shutdown
2025-04-16 17:25:01,981 - ERROR -> Error in OCR process: cannot schedule new futures after interpreter shutdown
2025-04-16 17:25:02,258 - ERROR -> Error in OCR process: cannot schedule new futures after interpreter shutdown
2025-04-16 17:25:02,535 - ERROR -> Error in OCR process: cannot schedule new futures after interpreter shutdown
2025-04-16 17:25:02,755 - ERROR -> Error in OCR process: cannot schedule new futures after interpreter shutdown
2025-04-16 17:25:03,136 - ERROR -> Error in OCR process: cannot schedule new futures after interpreter shutdown
2025-04-16 17:25:03,614 - ERROR -> Error in OCR process: cannot schedule new futures after interpreter shutdown
2025-04-16 17:25:03,813 - ERROR -> Error in OCR process: cannot schedule new futures after interpreter shutdown
2025-04-16 17:25:03,993 - ERROR -> Error in OCR process: cannot schedule new futures after interpreter shutdown
2025-04-16 17:25:04,194 - ERROR -> Error in OCR process: cannot schedule new futures after interpreter shutdown
2025-04-16 17:25:05,748 - ERROR -> Error in OCR process: cannot schedule new futures after interpreter shutdown
2025-04-16 18:39:52,490 - ERROR -> Error cleaning up temp files: [WinError 3] The system cannot find the path specified: 'D:\\omkar\\E-kyc-BE-project\\ekyc\\temp'
2025-04-16 18:39:53,487 - ERROR -> Error cleaning up temp files: [WinError 3] The system cannot find the path specified: 'D:\\omkar\\E-kyc-BE-project\\ekyc\\temp'
2025-04-16 18:39:54,486 - ERROR -> Error cleaning up temp files: [WinError 3] The system cannot find the path specified: 'D:\\omkar\\E-kyc-BE-project\\ekyc\\temp'
2025-04-16 18:39:55,483 - ERROR -> Error cleaning up temp files: [WinError 3] The system cannot find the path specified: 'D:\\omkar\\E-kyc-BE-project\\ekyc\\temp'
2025-04-16 18:39:56,497 - ERROR -> Error cleaning up temp files: [WinError 3] The system cannot find the path specified: 'D:\\omkar\\E-kyc-BE-project\\ekyc\\temp'
2025-04-16 18:39:57,494 - ERROR -> Error cleaning up temp files: [WinError 3] The system cannot find the path specified: 'D:\\omkar\\E-kyc-BE-project\\ekyc\\temp'
2025-04-16 18:39:58,490 - ERROR -> Error cleaning up temp files: [WinError 3] The system cannot find the path specified: 'D:\\omkar\\E-kyc-BE-project\\ekyc\\temp'
2025-04-16 18:39:59,485 - ERROR -> Error cleaning up temp files: [WinError 3] The system cannot find the path specified: 'D:\\omkar\\E-kyc-BE-project\\ekyc\\temp'
2025-04-16 18:40:00,487 - ERROR -> Error cleaning up temp files: [WinError 3] The system cannot find the path specified: 'D:\\omkar\\E-kyc-BE-project\\ekyc\\temp'
2025-04-16 18:40:01,492 - ERROR -> Error cleaning up temp files: [WinError 3] The system cannot find the path specified: 'D:\\omkar\\E-kyc-BE-project\\ekyc\\temp'
2025-04-16 18:40:02,490 - ERROR -> Error cleaning up temp files: [WinError 3] The system cannot find the path specified: 'D:\\omkar\\E-kyc-BE-project\\ekyc\\temp'
2025-04-16 18:40:03,491 - ERROR -> Error cleaning up temp files: [WinError 3] The system cannot find the path specified: 'D:\\omkar\\E-kyc-BE-project\\ekyc\\temp'
2025-04-16 18:40:04,478 - ERROR -> Error cleaning up temp files: [WinError 3] The system cannot find the path specified: 'D:\\omkar\\E-kyc-BE-project\\ekyc\\temp'
2025-04-16 18:40:05,488 - ERROR -> Error cleaning up temp files: [WinError 3] The system cannot find the path specified: 'D:\\omkar\\E-kyc-BE-project\\ekyc\\temp'
2025-04-16 18:40:06,485 - ERROR -> Error cleaning up temp files: [WinError 3] The system cannot find the path specified: 'D:\\omkar\\E-kyc-BE-project\\ekyc\\temp'
2025-06-02 00:46:37,191 - INFO -> Current prompt being sent: Please wait...
2025-06-02 00:46:38,202 - INFO -> Current prompt being sent: Please wait...
2025-06-02 00:46:39,196 - INFO -> Current prompt being sent: Please wait...
2025-06-02 00:46:40,195 - INFO -> Current prompt being sent: Please wait...
2025-06-02 00:46:41,205 - INFO -> Current prompt being sent: Please wait...
2025-06-02 00:46:42,202 - INFO -> Current prompt being sent: Please wait...
2025-06-02 00:46:43,192 - INFO -> Current prompt being sent: Please wait...
2025-06-02 00:46:44,202 - INFO -> Current prompt being sent: Please wait...
2025-06-02 00:46:45,204 - INFO -> Current prompt being sent: Please say your first name:
2025-06-02 00:46:46,196 - INFO -> Current prompt being sent: Please say your first name:
2025-06-02 00:46:47,192 - INFO -> Current prompt being sent: Please say your first name:
2025-06-02 00:46:48,203 - INFO -> Current prompt being sent: Sorry, I couldn't understand that. Please speak clearly.
Please say your first name:
2025-06-02 00:46:49,200 - INFO -> Current prompt being sent: Sorry, I couldn't understand that. Please speak clearly.
Please say your first name:
2025-06-02 00:46:50,204 - INFO -> Current prompt being sent: Sorry, I couldn't understand that. Please speak clearly.
Please say your first name:
2025-06-02 00:46:51,197 - INFO -> Current prompt being sent: Sorry, I couldn't understand that. Please speak clearly.
Please say your first name:
2025-06-02 00:46:52,194 - INFO -> Current prompt being sent: Sorry, I couldn't understand that. Please speak clearly.
Please say your first name:
2025-06-02 00:46:53,203 - INFO -> Current prompt being sent: Sorry, I couldn't understand that. Please speak clearly.
Please say your first name:
2025-06-02 00:46:54,192 - INFO -> Current prompt being sent: Sorry, I couldn't understand that. Please speak clearly.
Please say your first name:
2025-06-02 00:46:55,199 - INFO -> Current prompt being sent: Sorry, I couldn't understand that. Please speak clearly.
Please say your first name:
2025-06-02 00:46:56,197 - INFO -> Current prompt being sent: Sorry, I couldn't understand that. Please speak clearly.
Please say your first name:
2025-06-02 00:46:57,191 - INFO -> Current prompt being sent: Sorry, I couldn't understand that. Please speak clearly.
Please say your first name:
2025-06-02 00:46:58,200 - INFO -> Current prompt being sent: Sorry, I couldn't understand that. Please speak clearly.
Please say your first name:
2025-06-02 00:46:59,196 - INFO -> Current prompt being sent: Please say your last name:
2025-06-02 00:47:00,203 - INFO -> Current prompt being sent: Please say your last name:
2025-06-02 00:47:01,200 - INFO -> Current prompt being sent: Please say your last name:
2025-06-02 00:47:02,198 - INFO -> Current prompt being sent: Sorry, I couldn't understand that. Please speak clearly.
Please say your last name:
2025-06-02 00:47:03,193 - INFO -> Current prompt being sent: Sorry, I couldn't understand that. Please speak clearly.
Please say your last name:
2025-06-02 00:47:04,190 - INFO -> Current prompt being sent: Sorry, I couldn't understand that. Please speak clearly.
Please say your last name:
2025-06-02 00:47:05,202 - INFO -> Current prompt being sent: Sorry, I couldn't understand that. Please speak clearly.
Please say your last name:
2025-06-02 00:47:06,198 - INFO -> Current prompt being sent: Sorry, I couldn't understand that. Please speak clearly.
Please say your last name:
2025-06-02 00:47:07,206 - INFO -> Current prompt being sent: Sorry, I couldn't understand that. Please speak clearly.
Please say your last name:
2025-06-02 00:47:08,509 - INFO -> Current prompt being sent: Sorry, I couldn't understand that. Please speak clearly.
Please say your last name:
2025-06-02 00:47:09,192 - INFO -> Current prompt being sent: Sorry, I couldn't understand that. Please speak clearly.
Please say your last name:
2025-06-02 00:47:10,207 - INFO -> Current prompt being sent: Sorry, I couldn't understand that. Please speak clearly.
Please say your last name:
2025-06-02 00:47:11,199 - INFO -> Current prompt being sent: Sorry, I couldn't understand that. Please speak clearly.
Please say your last name:
2025-06-02 00:47:12,199 - INFO -> Current prompt being sent: Sorry, I couldn't understand that. Please speak clearly.
Please say your last name:
2025-06-02 00:47:13,194 - INFO -> Current prompt being sent: Sorry, I couldn't understand that. Please speak clearly.
Please say your last name:
2025-06-02 00:47:14,203 - INFO -> Current prompt being sent: Sorry, I couldn't understand that. Please speak clearly.
Please say your last name:
2025-06-02 00:47:15,197 - INFO -> Current prompt being sent: Please say your age (must be 18 or older):
2025-06-02 00:47:16,190 - INFO -> Current prompt being sent: Please say your age (must be 18 or older):
2025-06-02 00:47:17,201 - INFO -> Current prompt being sent: Please say your age (must be 18 or older):
2025-06-02 00:47:18,196 - INFO -> Current prompt being sent: Sorry, I couldn't understand that. Please speak clearly.
Please say your age (must be 18 or older):
2025-06-02 00:47:19,191 - INFO -> Current prompt being sent: Sorry, I couldn't understand that. Please speak clearly.
Please say your age (must be 18 or older):
2025-06-02 00:47:20,200 - INFO -> Current prompt being sent: Sorry, I couldn't understand that. Please speak clearly.
Please say your age (must be 18 or older):
2025-06-02 00:47:21,192 - INFO -> Current prompt being sent: Sorry, I couldn't understand that. Please speak clearly.
Please say your age (must be 18 or older):
2025-06-02 00:47:22,203 - INFO -> Current prompt being sent: Sorry, I couldn't understand that. Please speak clearly.
Please say your age (must be 18 or older):
2025-06-02 00:47:23,202 - INFO -> Current prompt being sent: Sorry, I couldn't understand that. Please speak clearly.
Please say your age (must be 18 or older):
2025-06-02 00:47:24,199 - INFO -> Current prompt being sent: Sorry, I couldn't understand that. Please speak clearly.
Please say your age (must be 18 or older):
2025-06-02 00:47:25,193 - INFO -> Current prompt being sent: Sorry, I couldn't understand that. Please speak clearly.
Please say your age (must be 18 or older):
2025-06-02 00:47:26,204 - INFO -> Current prompt being sent: Sorry, I couldn't understand that. Please speak clearly.
Please say your age (must be 18 or older):
2025-06-02 00:47:27,205 - INFO -> Current prompt being sent: Sorry, I couldn't understand that. Please speak clearly.
Please say your age (must be 18 or older):
2025-06-02 00:47:28,192 - INFO -> Current prompt being sent: Sorry, I couldn't understand that. Please speak clearly.
Please say your age (must be 18 or older):
2025-06-02 00:47:29,204 - INFO -> Current prompt being sent: Sorry, I couldn't understand that. Please speak clearly.
Please say your age (must be 18 or older):
2025-06-02 00:47:30,202 - INFO -> Current prompt being sent: Sorry, I couldn't understand that. Please speak clearly.
Please say your age (must be 18 or older):
2025-06-02 00:47:31,198 - INFO -> Current prompt being sent: Please say your 10-digit mobile number (e.g., 1234567890):
2025-06-02 00:47:32,190 - INFO -> Current prompt being sent: Please say your 10-digit mobile number (e.g., 1234567890):
2025-06-02 00:47:33,205 - INFO -> Current prompt being sent: Please say your 10-digit mobile number (e.g., 1234567890):
2025-06-02 00:47:34,199 - INFO -> Current prompt being sent: Please say your 10-digit mobile number (e.g., 1234567890):
2025-06-02 00:47:35,204 - INFO -> Current prompt being sent: Sorry, I couldn't understand that. Please speak clearly.
Please say your 10-digit mobile number (e.g., 1234567890):
2025-06-02 00:47:36,199 - INFO -> Current prompt being sent: Sorry, I couldn't understand that. Please speak clearly.
Please say your 10-digit mobile number (e.g., 1234567890):
2025-06-02 00:47:37,196 - INFO -> Current prompt being sent: Sorry, I couldn't understand that. Please speak clearly.
Please say your 10-digit mobile number (e.g., 1234567890):
2025-06-02 00:47:38,194 - INFO -> Current prompt being sent: Sorry, I couldn't understand that. Please speak clearly.
Please say your 10-digit mobile number (e.g., 1234567890):
2025-06-02 00:47:39,190 - INFO -> Current prompt being sent: Sorry, I couldn't understand that. Please speak clearly.
Please say your 10-digit mobile number (e.g., 1234567890):
2025-06-02 00:47:40,202 - INFO -> Current prompt being sent: Sorry, I couldn't understand that. Please speak clearly.
Please say your 10-digit mobile number (e.g., 1234567890):
2025-06-02 00:47:41,200 - INFO -> Current prompt being sent: Sorry, I couldn't understand that. Please speak clearly.
Please say your 10-digit mobile number (e.g., 1234567890):
2025-06-02 00:47:42,196 - INFO -> Current prompt being sent: Sorry, I couldn't understand that. Please speak clearly.
Please say your 10-digit mobile number (e.g., 1234567890):
2025-06-02 00:47:43,192 - INFO -> Current prompt being sent: Sorry, I couldn't understand that. Please speak clearly.
Please say your 10-digit mobile number (e.g., 1234567890):
2025-06-02 00:47:44,203 - INFO -> Current prompt being sent: Sorry, I couldn't understand that. Please speak clearly.
Please say your 10-digit mobile number (e.g., 1234567890):
2025-06-02 00:47:45,197 - INFO -> Current prompt being sent: Sorry, I couldn't understand that. Please speak clearly.
Please say your 10-digit mobile number (e.g., 1234567890):
2025-06-02 00:47:46,194 - INFO -> Current prompt being sent: Sorry, I couldn't understand that. Please speak clearly.
Please say your 10-digit mobile number (e.g., 1234567890):
2025-06-02 00:47:47,203 - INFO -> Current prompt being sent: Sorry, I couldn't understand that. Please speak clearly.
Please say your 10-digit mobile number (e.g., 1234567890):
2025-06-02 00:47:48,195 - INFO -> Current prompt being sent: Sorry, I couldn't understand that. Please speak clearly.
Please say your 10-digit mobile number (e.g., 1234567890):
2025-06-02 00:47:49,192 - INFO -> Current prompt being sent: Maximum attempts reached. Using default value.
2025-06-02 00:47:50,205 - INFO -> Current prompt being sent: Maximum attempts reached. Using default value.
2025-06-02 00:47:51,201 - INFO -> Current prompt being sent: Maximum attempts reached. Using default value.
2025-06-02 00:47:52,199 - INFO -> Current prompt being sent: Maximum attempts reached. Using default value.
2025-06-02 00:47:53,195 - INFO -> Current prompt being sent: Maximum attempts reached. Using default value.
2025-06-02 00:47:54,195 - INFO -> Current prompt being sent: Maximum attempts reached. Using default value.
2025-06-02 00:47:55,194 - INFO -> Current prompt being sent: Maximum attempts reached. Using default value.
2025-06-02 00:47:56,202 - INFO -> Current prompt being sent: Maximum attempts reached. Using default value.
2025-06-02 00:47:57,198 - INFO -> Current prompt being sent: Maximum attempts reached. Using default value.
2025-06-02 00:47:58,204 - INFO -> Current prompt being sent: Maximum attempts reached. Using default value.
2025-06-02 00:47:59,204 - INFO -> Current prompt being sent: Maximum attempts reached. Using default value.
2025-06-02 00:48:00,202 - INFO -> Current prompt being sent: Maximum attempts reached. Using default value.
2025-06-02 00:48:01,201 - INFO -> Current prompt being sent: Maximum attempts reached. Using default value.
2025-06-02 00:48:02,201 - INFO -> Current prompt being sent: Maximum attempts reached. Using default value.
2025-06-02 00:48:03,224 - INFO -> Current prompt being sent: Maximum attempts reached. Using default value.
2025-06-02 00:48:04,203 - INFO -> Current prompt being sent: Maximum attempts reached. Using default value.
2025-06-02 00:48:05,192 - INFO -> Current prompt being sent: Maximum attempts reached. Using default value.
2025-06-02 00:48:06,194 - INFO -> Current prompt being sent: Maximum attempts reached. Using default value.
2025-06-02 00:48:07,192 - INFO -> Current prompt being sent: Maximum attempts reached. Using default value.
2025-06-02 00:48:08,205 - INFO -> Current prompt being sent: Maximum attempts reached. Using default value.
2025-06-02 00:48:09,194 - INFO -> Current prompt being sent: Maximum attempts reached. Using default value.
2025-06-02 00:48:10,198 - INFO -> Current prompt being sent: Maximum attempts reached. Using default value.
2025-06-02 00:48:11,192 - INFO -> Current prompt being sent: Maximum attempts reached. Using default value.
2025-06-02 00:48:12,207 - INFO -> Current prompt being sent: Maximum attempts reached. Using default value.
2025-06-02 00:48:13,192 - INFO -> Current prompt being sent: Maximum attempts reached. Using default value.
2025-06-02 00:48:14,196 - INFO -> Current prompt being sent: Maximum attempts reached. Using default value.
2025-06-02 00:48:15,191 - INFO -> Current prompt being sent: Maximum attempts reached. Using default value.
2025-06-02 00:48:16,208 - INFO -> Current prompt being sent: Maximum attempts reached. Using default value.
2025-06-02 00:48:17,192 - INFO -> Current prompt being sent: Maximum attempts reached. Using default value.
2025-06-02 00:48:18,198 - INFO -> Current prompt being sent: Maximum attempts reached. Using default value.
2025-06-02 00:48:19,193 - INFO -> Current prompt being sent: Maximum attempts reached. Using default value.
2025-06-02 00:48:20,206 - INFO -> Current prompt being sent: Maximum attempts reached. Using default value.
2025-06-02 00:48:21,194 - INFO -> Current prompt being sent: Maximum attempts reached. Using default value.
2025-06-02 00:48:22,716 - INFO -> Current prompt being sent: Maximum attempts reached. Using default value.
2025-06-02 00:48:23,723 - INFO -> Current prompt being sent: Maximum attempts reached. Using default value.
2025-06-02 00:48:24,720 - INFO -> Current prompt being sent: Maximum attempts reached. Using default value.
2025-06-02 00:48:25,718 - INFO -> Current prompt being sent: Maximum attempts reached. Using default value.
2025-06-02 00:48:26,716 - INFO -> Current prompt being sent: Maximum attempts reached. Using default value.
2025-06-02 00:48:27,717 - INFO -> Current prompt being sent: Maximum attempts reached. Using default value.
2025-06-02 00:48:28,714 - INFO -> Current prompt being sent: Maximum attempts reached. Using default value.
2025-06-02 00:48:29,713 - INFO -> Current prompt being sent: Maximum attempts reached. Using default value.
2025-06-02 00:48:30,710 - INFO -> Current prompt being sent: Maximum attempts reached. Using default value.
2025-06-02 00:48:31,723 - INFO -> Current prompt being sent: Maximum attempts reached. Using default value.
2025-06-02 00:48:32,719 - INFO -> Current prompt being sent: Maximum attempts reached. Using default value.
2025-06-02 00:48:33,714 - INFO -> Current prompt being sent: Maximum attempts reached. Using default value.
2025-06-02 00:48:34,717 - INFO -> Current prompt being sent: Maximum attempts reached. Using default value.
2025-06-02 00:48:35,711 - INFO -> Current prompt being sent: Maximum attempts reached. Using default value.
2025-06-02 00:48:36,723 - INFO -> Current prompt being sent: Maximum attempts reached. Using default value.
2025-06-02 00:48:37,719 - INFO -> Current prompt being sent: Maximum attempts reached. Using default value.
2025-06-02 00:48:38,717 - INFO -> Current prompt being sent: Maximum attempts reached. Using default value.
2025-06-02 00:48:39,716 - INFO -> Current prompt being sent: Maximum attempts reached. Using default value.
2025-06-02 00:48:40,721 - INFO -> Current prompt being sent: Maximum attempts reached. Using default value.
2025-06-02 00:48:41,719 - INFO -> Current prompt being sent: Maximum attempts reached. Using default value.
2025-06-02 00:48:42,716 - INFO -> Current prompt being sent: Maximum attempts reached. Using default value.
2025-06-02 00:48:43,725 - INFO -> Current prompt being sent: Maximum attempts reached. Using default value.
2025-06-02 00:48:44,720 - INFO -> Current prompt being sent: Maximum attempts reached. Using default value.
2025-06-02 00:48:45,720 - INFO -> Current prompt being sent: Maximum attempts reached. Using default value.
2025-06-02 00:48:46,716 - INFO -> Current prompt being sent: Maximum attempts reached. Using default value.
2025-06-02 00:48:47,712 - INFO -> Current prompt being sent: Maximum attempts reached. Using default value.
2025-06-02 00:48:48,723 - INFO -> Current prompt being sent: Maximum attempts reached. Using default value.
2025-06-02 00:48:49,721 - INFO -> Current prompt being sent: Maximum attempts reached. Using default value.
2025-06-02 00:48:50,715 - INFO -> Current prompt being sent: Maximum attempts reached. Using default value.
2025-06-02 00:48:51,710 - INFO -> Current prompt being sent: Maximum attempts reached. Using default value.
2025-06-02 00:48:52,719 - INFO -> Current prompt being sent: Maximum attempts reached. Using default value.
2025-06-02 00:48:53,717 - INFO -> Current prompt being sent: Maximum attempts reached. Using default value.
2025-06-02 00:48:54,714 - INFO -> Current prompt being sent: Maximum attempts reached. Using default value.
2025-06-02 00:48:55,713 - INFO -> Current prompt being sent: Maximum attempts reached. Using default value.
2025-06-02 00:48:56,714 - INFO -> Current prompt being sent: Maximum attempts reached. Using default value.
2025-06-02 00:48:57,715 - INFO -> Current prompt being sent: Maximum attempts reached. Using default value.
2025-06-02 00:48:58,716 - INFO -> Current prompt being sent: Maximum attempts reached. Using default value.
2025-06-02 00:48:59,718 - INFO -> Current prompt being sent: Maximum attempts reached. Using default value.
2025-06-02 00:49:00,713 - INFO -> Current prompt being sent: Maximum attempts reached. Using default value.
2025-06-02 00:49:01,725 - INFO -> Current prompt being sent: Maximum attempts reached. Using default value.
2025-06-02 00:49:02,724 - INFO -> Current prompt being sent: Maximum attempts reached. Using default value.
2025-06-02 00:49:03,717 - INFO -> Current prompt being sent: Maximum attempts reached. Using default value.
2025-06-02 00:49:04,719 - INFO -> Current prompt being sent: Maximum attempts reached. Using default value.
2025-06-02 00:49:05,715 - INFO -> Current prompt being sent: Maximum attempts reached. Using default value.
2025-06-02 00:49:06,713 - INFO -> Current prompt being sent: Maximum attempts reached. Using default value.
2025-06-02 00:49:07,709 - INFO -> Current prompt being sent: Maximum attempts reached. Using default value.
2025-06-02 00:49:08,712 - INFO -> Current prompt being sent: Maximum attempts reached. Using default value.
2025-06-02 00:49:09,715 - INFO -> Current prompt being sent: Maximum attempts reached. Using default value.
2025-06-02 00:49:10,712 - INFO -> Current prompt being sent: Maximum attempts reached. Using default value.
2025-06-02 00:49:11,724 - INFO -> Current prompt being sent: Maximum attempts reached. Using default value.
2025-06-02 00:49:12,718 - INFO -> Current prompt being sent: Maximum attempts reached. Using default value.
2025-06-02 00:49:13,726 - INFO -> Current prompt being sent: Maximum attempts reached. Using default value.
2025-06-02 00:49:14,711 - INFO -> Current prompt being sent: Maximum attempts reached. Using default value.
2025-06-02 00:49:15,716 - INFO -> Current prompt being sent: Maximum attempts reached. Using default value.
2025-06-02 00:49:16,713 - INFO -> Current prompt being sent: Maximum attempts reached. Using default value.
2025-06-02 00:49:17,723 - INFO -> Current prompt being sent: Maximum attempts reached. Using default value.
2025-06-02 00:49:18,712 - INFO -> Current prompt being sent: Maximum attempts reached. Using default value.
2025-06-02 00:49:19,720 - INFO -> Current prompt being sent: Maximum attempts reached. Using default value.
2025-06-02 00:49:20,715 - INFO -> Current prompt being sent: Maximum attempts reached. Using default value.
2025-06-02 00:49:21,711 - INFO -> Current prompt being sent: Maximum attempts reached. Using default value.
2025-06-02 00:49:22,713 - INFO -> Current prompt being sent: Maximum attempts reached. Using default value.
2025-06-02 00:49:23,713 - INFO -> Current prompt being sent: Maximum attempts reached. Using default value.
2025-06-02 00:49:24,712 - INFO -> Current prompt being sent: Maximum attempts reached. Using default value.
2025-06-02 00:49:25,722 - INFO -> Current prompt being sent: Maximum attempts reached. Using default value.
2025-06-02 00:49:26,711 - INFO -> Current prompt being sent: Maximum attempts reached. Using default value.
2025-06-02 00:50:19,560 - INFO -> Current prompt being sent: Please wait...
2025-06-02 00:50:19,717 - INFO -> Current prompt being sent: Please wait...
2025-06-02 00:50:20,721 - INFO -> Current prompt being sent: Please wait...
2025-06-02 00:50:21,737 - INFO -> Current prompt being sent: Please wait...
2025-06-02 00:50:22,198 - INFO -> Current prompt being sent: Please wait...
2025-06-02 00:50:23,389 - INFO -> Current prompt being sent: Please wait...
2025-06-02 00:50:24,199 - INFO -> Current prompt being sent: Please wait...
2025-06-02 00:50:25,197 - INFO -> Current prompt being sent: Please wait...
2025-06-02 00:50:26,197 - INFO -> Current prompt being sent: Please wait...
2025-06-02 00:50:27,482 - INFO -> Current prompt being sent: Please wait...
2025-06-02 00:50:28,486 - INFO -> Current prompt being sent: Please wait...
2025-06-02 00:50:29,490 - INFO -> Current prompt being sent: Please wait...
2025-06-02 00:50:30,524 - INFO -> Current prompt being sent: Please wait...
2025-06-02 00:50:31,488 - INFO -> Current prompt being sent: Please wait...
2025-06-02 00:50:32,480 - INFO -> Current prompt being sent: Please wait...
2025-06-02 00:50:33,480 - INFO -> Current prompt being sent: Please wait...
2025-06-02 00:50:34,487 - INFO -> Current prompt being sent: Please wait...
2025-06-02 00:50:35,482 - INFO -> Current prompt being sent: Please wait...
2025-06-02 00:50:36,493 - INFO -> Current prompt being sent: Please wait...
2025-06-02 00:50:37,488 - INFO -> Current prompt being sent: Please wait...
2025-06-02 00:50:38,488 - INFO -> Current prompt being sent: Please wait...
2025-06-02 00:50:39,486 - INFO -> Current prompt being sent: Please wait...
2025-06-02 00:50:40,488 - INFO -> Current prompt being sent: Please wait...
2025-06-02 00:50:41,487 - INFO -> Current prompt being sent: Please wait...
2025-06-02 00:50:42,485 - INFO -> Current prompt being sent: Please wait...
2025-06-02 00:50:43,482 - INFO -> Current prompt being sent: Please wait...
2025-06-02 00:50:44,481 - INFO -> Current prompt being sent: Please wait...
2025-06-02 00:50:45,480 - INFO -> Current prompt being sent: Please wait...
2025-06-02 00:50:46,493 - INFO -> Current prompt being sent: Please wait...
2025-06-02 00:50:47,490 - INFO -> Current prompt being sent: Please wait...
2025-06-02 00:50:48,490 - INFO -> Current prompt being sent: Please wait...
2025-06-02 00:50:49,480 - INFO -> Current prompt being sent: Please wait...
2025-06-02 00:50:50,478 - INFO -> Current prompt being sent: Please wait...
2025-06-02 00:50:51,493 - INFO -> Current prompt being sent: Please wait...
2025-06-02 00:50:52,485 - INFO -> Current prompt being sent: Please wait...
2025-06-02 00:50:53,485 - INFO -> Current prompt being sent: Please wait...
2025-06-02 00:50:54,480 - INFO -> Current prompt being sent: Please wait...
2025-06-02 00:50:55,489 - INFO -> Current prompt being sent: Please wait...
2025-06-02 00:50:56,488 - INFO -> Current prompt being sent: Please wait...
2025-06-02 00:50:57,485 - INFO -> Current prompt being sent: Please wait...
2025-06-02 00:50:58,483 - INFO -> Current prompt being sent: Please wait...
2025-06-02 00:50:59,480 - INFO -> Current prompt being sent: Please wait...
2025-06-02 00:51:00,492 - INFO -> Current prompt being sent: Please wait...
2025-06-02 00:51:01,489 - INFO -> Current prompt being sent: Please wait...
2025-06-02 00:51:02,487 - INFO -> Current prompt being sent: Please say your first name:
2025-06-02 00:51:03,487 - INFO -> Current prompt being sent: Please say your first name:
2025-06-02 00:51:04,481 - INFO -> Current prompt being sent: Please say your first name:
2025-06-02 00:51:05,481 - INFO -> Current prompt being sent: Please say your first name:
2025-06-02 00:51:06,492 - INFO -> Current prompt being sent: Sorry, I couldn't understand that. Please speak clearly.
Please say your first name:
2025-06-02 00:51:07,483 - INFO -> Current prompt being sent: Sorry, I couldn't understand that. Please speak clearly.
Please say your first name:
2025-06-02 00:51:08,494 - INFO -> Current prompt being sent: Sorry, I couldn't understand that. Please speak clearly.
Please say your first name:
2025-06-02 00:51:09,490 - INFO -> Current prompt being sent: Sorry, I couldn't understand that. Please speak clearly.
Please say your first name:
2025-06-02 00:51:10,483 - INFO -> Current prompt being sent: Sorry, I couldn't understand that. Please speak clearly.
Please say your first name:
2025-06-02 00:51:11,480 - INFO -> Current prompt being sent: Sorry, I couldn't understand that. Please speak clearly.
Please say your first name:
2025-06-02 00:51:12,479 - INFO -> Current prompt being sent: Sorry, I couldn't understand that. Please speak clearly.
Please say your first name:
2025-06-02 00:51:20,492 - INFO -> Current prompt being sent: Please say your last name:
